rxnID	output
R_rxn1	red
R_rxn2	blue
R_rxn3	yellow
