rxnID	output
R_rxn1	red
R_rxn2	r.blue
R_rxn3	grey
